Processing disease: AS
Processing AS/PRJCA007396
PRJCA007396 K_
样本预测概率已保存到: /home/cjj/projects/microbial-embeddings/analysis/Disease_classification_loo/Data/disease_data/AS/PRJCA007396/RF/RF_Scores.csv
The AUC ROC: 0.5568, The Average Precision: 0.8712, The F1 value: 0.4434, The mcc value: -0.0629, The aupr value: 0.8680, The acc value: 0.7966
The conflusion Matrix is:
 [[ 0 11]
 [ 1 47]]
              precision    recall  f1-score   support

           0       0.00      0.00      0.00         1
           1       0.98      0.81      0.89        58

    accuracy                           0.80        59
   macro avg       0.49      0.41      0.44        59
weighted avg       0.96      0.80      0.87        59

Processing AS/SRP332779
SRP332779 K_
样本预测概率已保存到: /home/cjj/projects/microbial-embeddings/analysis/Disease_classification_loo/Data/disease_data/AS/SRP332779/RF/RF_Scores.csv
The AUC ROC: 0.6809, The Average Precision: 0.8217, The F1 value: 0.4857, The mcc value: 0.1061, The aupr value: 0.8215, The acc value: 0.7143
The conflusion Matrix is:
 [[ 2 22]
 [ 2 58]]
              precision    recall  f1-score   support

           0       0.08      0.50      0.14         4
           1       0.97      0.72      0.83        80

    accuracy                           0.71        84
   macro avg       0.53      0.61      0.49        84
weighted avg       0.92      0.71      0.80        84

Processing disease: ASD
Processing ASD/PRJNA932561
PRJNA932561 K_
样本预测概率已保存到: /home/cjj/projects/microbial-embeddings/analysis/Disease_classification_loo/Data/disease_data/ASD/PRJNA932561/RF/RF_Scores.csv
The AUC ROC: 0.6231, The Average Precision: 0.6581, The F1 value: 0.4280, The mcc value: 0.1549, The aupr value: 0.6620, The acc value: 0.5375
The conflusion Matrix is:
 [[ 4 36]
 [ 1 39]]
              precision    recall  f1-score   support

           0       0.10      0.80      0.18         5
           1       0.97      0.52      0.68        75

    accuracy                           0.54        80
   macro avg       0.54      0.66      0.43        80
weighted avg       0.92      0.54      0.65        80

Processing ASD/PRJNA578223
PRJNA578223 K_
样本预测概率已保存到: /home/cjj/projects/microbial-embeddings/analysis/Disease_classification_loo/Data/disease_data/ASD/PRJNA578223/RF/RF_Scores.csv
The AUC ROC: 0.5616, The Average Precision: 0.6040, The F1 value: 0.3287, The mcc value: -0.1026, The aupr value: 0.6011, The acc value: 0.4896
The conflusion Matrix is:
 [[ 0 48]
 [ 1 47]]
              precision    recall  f1-score   support

           0       0.00      0.00      0.00         1
           1       0.98      0.49      0.66        95

    accuracy                           0.49        96
   macro avg       0.49      0.25      0.33        96
weighted avg       0.97      0.49      0.65        96

Processing ASD/PRJNA1103839
PRJNA1103839 K_
样本预测概率已保存到: /home/cjj/projects/microbial-embeddings/analysis/Disease_classification_loo/Data/disease_data/ASD/PRJNA1103839/RF/RF_Scores.csv
The AUC ROC: 0.5478, The Average Precision: 0.5939, The F1 value: 0.3222, The mcc value: -0.1312, The aupr value: 0.5838, The acc value: 0.4754
The conflusion Matrix is:
 [[ 0 31]
 [ 1 29]]
              precision    recall  f1-score   support

           0       0.00      0.00      0.00         1
           1       0.97      0.48      0.64        60

    accuracy                           0.48        61
   macro avg       0.48      0.24      0.32        61
weighted avg       0.95      0.48      0.63        61

Processing disease: BD
Processing BD/PRJNA1068750
PRJNA1068750 K_
样本预测概率已保存到: /home/cjj/projects/microbial-embeddings/analysis/Disease_classification_loo/Data/disease_data/BD/PRJNA1068750/RF/RF_Scores.csv
The AUC ROC: 0.8041, The Average Precision: 0.8057, The F1 value: 0.7479, The mcc value: 0.4990, The aupr value: 0.8036, The acc value: 0.7500
The conflusion Matrix is:
 [[37  9]
 [13 29]]
              precision    recall  f1-score   support

           0       0.80      0.74      0.77        50
           1       0.69      0.76      0.72        38

    accuracy                           0.75        88
   macro avg       0.75      0.75      0.75        88
weighted avg       0.76      0.75      0.75        88

Processing BD/PRJEB11419
PRJEB11419 K_
样本预测概率已保存到: /home/cjj/projects/microbial-embeddings/analysis/Disease_classification_loo/Data/disease_data/BD/PRJEB11419/RF/RF_Scores.csv
The AUC ROC: 0.7044, The Average Precision: 0.6568, The F1 value: 0.6606, The mcc value: 0.3459, The aupr value: 0.6246, The acc value: 0.6667
The conflusion Matrix is:
 [[ 8  7]
 [ 3 12]]
              precision    recall  f1-score   support

           0       0.53      0.73      0.62        11
           1       0.80      0.63      0.71        19

    accuracy                           0.67        30
   macro avg       0.67      0.68      0.66        30
weighted avg       0.70      0.67      0.67        30

Processing BD/PRJEB23500
PRJEB23500 K_
样本预测概率已保存到: /home/cjj/projects/microbial-embeddings/analysis/Disease_classification_loo/Data/disease_data/BD/PRJEB23500/RF/RF_Scores.csv
The AUC ROC: 0.6104, The Average Precision: 0.7128, The F1 value: 0.3737, The mcc value: -0.0744, The aupr value: 0.7071, The acc value: 0.5966
The conflusion Matrix is:
 [[ 0 47]
 [ 1 71]]
              precision    recall  f1-score   support

           0       0.00      0.00      0.00         1
           1       0.99      0.60      0.75       118

    accuracy                           0.60       119
   macro avg       0.49      0.30      0.37       119
weighted avg       0.98      0.60      0.74       119

Processing disease: CAD
Processing CAD/PRJDB6472
PRJDB6472 K_
样本预测概率已保存到: /home/cjj/projects/microbial-embeddings/analysis/Disease_classification_loo/Data/disease_data/CAD/PRJDB6472/RF/RF_Scores.csv
The AUC ROC: 0.5580, The Average Precision: 0.5482, The F1 value: 0.5327, The mcc value: 0.2879, The aupr value: 0.5445, The acc value: 0.5769
The conflusion Matrix is:
 [[ 7 21]
 [ 1 23]]
              precision    recall  f1-score   support

           0       0.25      0.88      0.39         8
           1       0.96      0.52      0.68        44

    accuracy                           0.58        52
   macro avg       0.60      0.70      0.53        52
weighted avg       0.85      0.58      0.63        52

Processing CAD/PRJDB7456
PRJDB7456 K_
样本预测概率已保存到: /home/cjj/projects/microbial-embeddings/analysis/Disease_classification_loo/Data/disease_data/CAD/PRJDB7456/RF/RF_Scores.csv
The AUC ROC: 0.8020, The Average Precision: 0.7767, The F1 value: 0.6684, The mcc value: 0.3739, The aupr value: 0.7681, The acc value: 0.6825
The conflusion Matrix is:
 [[15 15]
 [ 5 28]]
              precision    recall  f1-score   support

           0       0.50      0.75      0.60        20
           1       0.85      0.65      0.74        43

    accuracy                           0.68        63
   macro avg       0.67      0.70      0.67        63
weighted avg       0.74      0.68      0.69        63

Processing disease: CRC
Processing CRC/PRJNA318004
PRJNA318004 K_
样本预测概率已保存到: /home/cjj/projects/microbial-embeddings/analysis/Disease_classification_loo/Data/disease_data/CRC/PRJNA318004/RF/RF_Scores.csv
The AUC ROC: 0.7516, The Average Precision: 0.7294, The F1 value: 0.6339, The mcc value: 0.3298, The aupr value: 0.7293, The acc value: 0.6360
The conflusion Matrix is:
 [[64 66]
 [17 81]]
              precision    recall  f1-score   support

           0       0.49      0.79      0.61        81
           1       0.83      0.55      0.66       147

    accuracy                           0.64       228
   macro avg       0.66      0.67      0.63       228
weighted avg       0.71      0.64      0.64       228

Processing CRC/PRJDB11845
PRJDB11845 K_
样本预测概率已保存到: /home/cjj/projects/microbial-embeddings/analysis/Disease_classification_loo/Data/disease_data/CRC/PRJDB11845/RF/RF_Scores.csv
The AUC ROC: 0.7775, The Average Precision: 0.7819, The F1 value: 0.7202, The mcc value: 0.4613, The aupr value: 0.7835, The acc value: 0.7255
The conflusion Matrix is:
 [[30 20]
 [ 8 44]]
              precision    recall  f1-score   support

           0       0.60      0.79      0.68        38
           1       0.85      0.69      0.76        64

    accuracy                           0.73       102
   macro avg       0.72      0.74      0.72       102
weighted avg       0.75      0.73      0.73       102

Processing CRC/PRJNA290926
PRJNA290926 K_
样本预测概率已保存到: /home/cjj/projects/microbial-embeddings/analysis/Disease_classification_loo/Data/disease_data/CRC/PRJNA290926/RF/RF_Scores.csv
The AUC ROC: 0.7636, The Average Precision: 0.7931, The F1 value: 0.7131, The mcc value: 0.4273, The aupr value: 0.7932, The acc value: 0.7137
The conflusion Matrix is:
 [[97 33]
 [40 85]]
              precision    recall  f1-score   support

           0       0.75      0.71      0.73       137
           1       0.68      0.72      0.70       118

    accuracy                           0.71       255
   macro avg       0.71      0.71      0.71       255
weighted avg       0.72      0.71      0.71       255

Processing CRC/PRJNA824020
PRJNA824020 K_
样本预测概率已保存到: /home/cjj/projects/microbial-embeddings/analysis/Disease_classification_loo/Data/disease_data/CRC/PRJNA824020/RF/RF_Scores.csv
The AUC ROC: 0.5705, The Average Precision: 0.6220, The F1 value: 0.3298, The mcc value: -0.0224, The aupr value: 0.6153, The acc value: 0.4407
The conflusion Matrix is:
 [[ 1 32]
 [ 1 25]]
              precision    recall  f1-score   support

           0       0.03      0.50      0.06         2
           1       0.96      0.44      0.60        57

    accuracy                           0.44        59
   macro avg       0.50      0.47      0.33        59
weighted avg       0.93      0.44      0.58        59

Processing CRC/PRJEB6070
PRJEB6070 K_
样本预测概率已保存到: /home/cjj/projects/microbial-embeddings/analysis/Disease_classification_loo/Data/disease_data/CRC/PRJEB6070/RF/RF_Scores.csv
The AUC ROC: 0.8520, The Average Precision: 0.8479, The F1 value: 0.7575, The mcc value: 0.5180, The aupr value: 0.8473, The acc value: 0.7582
The conflusion Matrix is:
 [[37 13]
 [ 9 32]]
              precision    recall  f1-score   support

           0       0.74      0.80      0.77        46
           1       0.78      0.71      0.74        45

    accuracy                           0.76        91
   macro avg       0.76      0.76      0.76        91
weighted avg       0.76      0.76      0.76        91

Processing CRC/PRJNA430990
PRJNA430990 K_
样本预测概率已保存到: /home/cjj/projects/microbial-embeddings/analysis/Disease_classification_loo/Data/disease_data/CRC/PRJNA430990/RF/RF_Scores.csv
The AUC ROC: 0.7029, The Average Precision: 0.4210, The F1 value: 0.6109, The mcc value: 0.2284, The aupr value: 0.4136, The acc value: 0.7397
The conflusion Matrix is:
 [[96 23]
 [15 12]]
              precision    recall  f1-score   support

           0       0.81      0.86      0.83       111
           1       0.44      0.34      0.39        35

    accuracy                           0.74       146
   macro avg       0.63      0.60      0.61       146
weighted avg       0.72      0.74      0.73       146

Processing CRC/PRJEB36789
PRJEB36789 K_
样本预测概率已保存到: /home/cjj/projects/microbial-embeddings/analysis/Disease_classification_loo/Data/disease_data/CRC/PRJEB36789/RF/RF_Scores.csv
The AUC ROC: 0.9177, The Average Precision: 0.8578, The F1 value: 0.8566, The mcc value: 0.7156, The aupr value: 0.8580, The acc value: 0.8758
The conflusion Matrix is:
 [[95  7]
 [12 39]]
              precision    recall  f1-score   support

           0       0.93      0.89      0.91       107
           1       0.76      0.85      0.80        46

    accuracy                           0.88       153
   macro avg       0.85      0.87      0.86       153
weighted avg       0.88      0.88      0.88       153

Processing disease: GD
Processing GD/PRJNA850658
PRJNA850658 K_
样本预测概率已保存到: /home/cjj/projects/microbial-embeddings/analysis/Disease_classification_loo/Data/disease_data/GD/PRJNA850658/RF/RF_Scores.csv
The AUC ROC: 0.5865, The Average Precision: 0.7575, The F1 value: 0.4261, The mcc value: 0.0499, The aupr value: 0.7547, The acc value: 0.6633
The conflusion Matrix is:
 [[ 1 32]
 [ 1 64]]
              precision    recall  f1-score   support

           0       0.03      0.50      0.06         2
           1       0.98      0.67      0.80        96

    accuracy                           0.66        98
   macro avg       0.51      0.58      0.43        98
weighted avg       0.97      0.66      0.78        98

Processing GD/PRJNA695309
PRJNA695309 K_
样本预测概率已保存到: /home/cjj/projects/microbial-embeddings/analysis/Disease_classification_loo/Data/disease_data/GD/PRJNA695309/RF/RF_Scores.csv
The AUC ROC: 0.5831, The Average Precision: 0.6451, The F1 value: 0.5650, The mcc value: 0.1975, The aupr value: 0.6419, The acc value: 0.6019
The conflusion Matrix is:
 [[16 32]
 [ 9 46]]
              precision    recall  f1-score   support

           0       0.33      0.64      0.44        25
           1       0.84      0.59      0.69        78

    accuracy                           0.60       103
   macro avg       0.58      0.61      0.57       103
weighted avg       0.71      0.60      0.63       103

Processing disease: IBD
Processing IBD/qiita_2538
qiita_2538 K_
样本预测概率已保存到: /home/cjj/projects/microbial-embeddings/analysis/Disease_classification_loo/Data/disease_data/IBD/qiita_2538/RF/RF_Scores.csv
The AUC ROC: 0.7904, The Average Precision: 0.7857, The F1 value: 0.7044, The mcc value: 0.4753, The aupr value: 0.7871, The acc value: 0.7151
The conflusion Matrix is:
 [[186 174]
 [ 28 321]]
              precision    recall  f1-score   support

           0       0.52      0.87      0.65       214
           1       0.92      0.65      0.76       495

    accuracy                           0.72       709
   macro avg       0.72      0.76      0.70       709
weighted avg       0.80      0.72      0.73       709

Processing IBD/PRJNA324147
PRJNA324147 K_
样本预测概率已保存到: /home/cjj/projects/microbial-embeddings/analysis/Disease_classification_loo/Data/disease_data/IBD/PRJNA324147/RF/RF_Scores.csv
The AUC ROC: 0.7299, The Average Precision: 0.6688, The F1 value: 0.6684, The mcc value: 0.3581, The aupr value: 0.6631, The acc value: 0.6705
The conflusion Matrix is:
 [[33 20]
 [ 9 26]]
              precision    recall  f1-score   support

           0       0.62      0.79      0.69        42
           1       0.74      0.57      0.64        46

    accuracy                           0.67        88
   macro avg       0.68      0.68      0.67        88
weighted avg       0.69      0.67      0.67        88

Processing IBD/qiita_1629
qiita_1629 K_
样本预测概率已保存到: /home/cjj/projects/microbial-embeddings/analysis/Disease_classification_loo/Data/disease_data/IBD/qiita_1629/RF/RF_Scores.csv
The AUC ROC: 0.7669, The Average Precision: 0.9689, The F1 value: 0.4733, The mcc value: -0.0142, The aupr value: 0.9692, The acc value: 0.8986
The conflusion Matrix is:
 [[  0  55]
 [  1 496]]
              precision    recall  f1-score   support

           0       0.00      0.00      0.00         1
           1       1.00      0.90      0.95       551

    accuracy                           0.90       552
   macro avg       0.50      0.45      0.47       552
weighted avg       1.00      0.90      0.94       552

Processing IBD/PRJNA450340
PRJNA450340 K_
样本预测概率已保存到: /home/cjj/projects/microbial-embeddings/analysis/Disease_classification_loo/Data/disease_data/IBD/PRJNA450340/RF/RF_Scores.csv
The AUC ROC: 0.8586, The Average Precision: 0.9241, The F1 value: 0.7298, The mcc value: 0.4871, The aupr value: 0.9242, The acc value: 0.7717
The conflusion Matrix is:
 [[24 22]
 [ 7 74]]
              precision    recall  f1-score   support

           0       0.52      0.77      0.62        31
           1       0.91      0.77      0.84        96

    accuracy                           0.77       127
   macro avg       0.72      0.77      0.73       127
weighted avg       0.82      0.77      0.78       127

Processing IBD/RISK_PRISM_f
RISK_PRISM_f K_
样本预测概率已保存到: /home/cjj/projects/microbial-embeddings/analysis/Disease_classification_loo/Data/disease_data/IBD/RISK_PRISM_f/RF/RF_Scores.csv
The AUC ROC: 0.6654, The Average Precision: 0.9634, The F1 value: 0.4831, The mcc value: -0.0111, The aupr value: 0.9637, The acc value: 0.9347
The conflusion Matrix is:
 [[  0  35]
 [  1 515]]
              precision    recall  f1-score   support

           0       0.00      0.00      0.00         1
           1       1.00      0.94      0.97       550

    accuracy                           0.93       551
   macro avg       0.50      0.47      0.48       551
weighted avg       1.00      0.93      0.96       551

Processing IBD/PRJNA368966
PRJNA368966 K_
样本预测概率已保存到: /home/cjj/projects/microbial-embeddings/analysis/Disease_classification_loo/Data/disease_data/IBD/PRJNA368966/RF/RF_Scores.csv
The AUC ROC: 0.7043, The Average Precision: 0.7602, The F1 value: 0.5022, The mcc value: 0.2009, The aupr value: 0.7573, The acc value: 0.5781
The conflusion Matrix is:
 [[ 6 25]
 [ 2 31]]
              precision    recall  f1-score   support

           0       0.19      0.75      0.31         8
           1       0.94      0.55      0.70        56

    accuracy                           0.58        64
   macro avg       0.57      0.65      0.50        64
weighted avg       0.85      0.58      0.65        64

Processing IBD/PRJNA422193
PRJNA422193 K_
样本预测概率已保存到: /home/cjj/projects/microbial-embeddings/analysis/Disease_classification_loo/Data/disease_data/IBD/PRJNA422193/RF/RF_Scores.csv
The AUC ROC: 0.8231, The Average Precision: 0.9079, The F1 value: 0.7907, The mcc value: 0.5841, The aupr value: 0.9073, The acc value: 0.8131
The conflusion Matrix is:
 [[26  8]
 [12 61]]
              precision    recall  f1-score   support

           0       0.76      0.68      0.72        38
           1       0.84      0.88      0.86        69

    accuracy                           0.81       107
   macro avg       0.80      0.78      0.79       107
weighted avg       0.81      0.81      0.81       107

Processing IBD/PRJNA431126
PRJNA431126 K_
样本预测概率已保存到: /home/cjj/projects/microbial-embeddings/analysis/Disease_classification_loo/Data/disease_data/IBD/PRJNA431126/RF/RF_Scores.csv
The AUC ROC: 0.5403, The Average Precision: 0.9052, The F1 value: 0.4993, The mcc value: 0.1011, The aupr value: 0.9050, The acc value: 0.8924
The conflusion Matrix is:
 [[  1  33]
 [  1 281]]
              precision    recall  f1-score   support

           0       0.03      0.50      0.06         2
           1       1.00      0.89      0.94       314

    accuracy                           0.89       316
   macro avg       0.51      0.70      0.50       316
weighted avg       0.99      0.89      0.94       316

Processing disease: IBS
Processing IBS/PRJNA268708
PRJNA268708 K_
样本预测概率已保存到: /home/cjj/projects/microbial-embeddings/analysis/Disease_classification_loo/Data/disease_data/IBS/PRJNA268708/RF/RF_Scores.csv
The AUC ROC: 0.6086, The Average Precision: 0.7936, The F1 value: 0.4352, The mcc value: 0.0825, The aupr value: 0.7940, The acc value: 0.7049
The conflusion Matrix is:
 [[  2  84]
 [  1 201]]
              precision    recall  f1-score   support

           0       0.02      0.67      0.04         3
           1       1.00      0.71      0.83       285

    accuracy                           0.70       288
   macro avg       0.51      0.69      0.44       288
weighted avg       0.98      0.70      0.82       288

Processing IBS/PRJEB11419
PRJEB11419 K_
样本预测概率已保存到: /home/cjj/projects/microbial-embeddings/analysis/Disease_classification_loo/Data/disease_data/IBS/PRJEB11419/RF/RF_Scores.csv
The AUC ROC: 0.5537, The Average Precision: 0.5102, The F1 value: 0.3200, The mcc value: 0.0089, The aupr value: 0.5095, The acc value: 0.4586
The conflusion Matrix is:
 [[  3 456]
 [  2 385]]
              precision    recall  f1-score   support

           0       0.01      0.60      0.01         5
           1       0.99      0.46      0.63       841

    accuracy                           0.46       846
   macro avg       0.50      0.53      0.32       846
weighted avg       0.99      0.46      0.62       846

Processing disease: MS
Processing MS/PRJEB22970
PRJEB22970 K_
样本预测概率已保存到: /home/cjj/projects/microbial-embeddings/analysis/Disease_classification_loo/Data/disease_data/MS/PRJEB22970/RF/RF_Scores.csv
The AUC ROC: 0.5558, The Average Precision: 0.8528, The F1 value: 0.4500, The mcc value: -0.0438, The aupr value: 0.8499, The acc value: 0.8182
The conflusion Matrix is:
 [[ 0 19]
 [ 1 90]]
              precision    recall  f1-score   support

           0       0.00      0.00      0.00         1
           1       0.99      0.83      0.90       109

    accuracy                           0.82       110
   macro avg       0.49      0.41      0.45       110
weighted avg       0.98      0.82      0.89       110

Processing MS/PRJEB32763
PRJEB32763 K_
样本预测概率已保存到: /home/cjj/projects/microbial-embeddings/analysis/Disease_classification_loo/Data/disease_data/MS/PRJEB32763/RF/RF_Scores.csv
The AUC ROC: 0.5281, The Average Precision: 0.6085, The F1 value: 0.3463, The mcc value: -0.0805, The aupr value: 0.6047, The acc value: 0.5299
The conflusion Matrix is:
 [[ 0 62]
 [ 1 71]]
              precision    recall  f1-score   support

           0       0.00      0.00      0.00         1
           1       0.99      0.53      0.69       133

    accuracy                           0.53       134
   macro avg       0.49      0.27      0.35       134
weighted avg       0.98      0.53      0.69       134

Processing MS/PRJEB22977
PRJEB22977 K_
样本预测概率已保存到: /home/cjj/projects/microbial-embeddings/analysis/Disease_classification_loo/Data/disease_data/MS/PRJEB22977/RF/RF_Scores.csv
The AUC ROC: 0.6006, The Average Precision: 0.7570, The F1 value: 0.3830, The mcc value: -0.0823, The aupr value: 0.7566, The acc value: 0.6207
The conflusion Matrix is:
 [[ 0 32]
 [ 1 54]]
              precision    recall  f1-score   support

           0       0.00      0.00      0.00         1
           1       0.98      0.63      0.77        86

    accuracy                           0.62        87
   macro avg       0.49      0.31      0.38        87
weighted avg       0.97      0.62      0.76        87

Processing disease: OB
Processing OB/PRJEB11419
PRJEB11419 K_
样本预测概率已保存到: /home/cjj/projects/microbial-embeddings/analysis/Disease_classification_loo/Data/disease_data/OB/PRJEB11419/RF/RF_Scores.csv
The AUC ROC: 0.5167, The Average Precision: 0.5093, The F1 value: 0.3253, The mcc value: -0.0391, The aupr value: 0.5076, The acc value: 0.4821
The conflusion Matrix is:
 [[  0 361]
 [  1 337]]
              precision    recall  f1-score   support

           0       0.00      0.00      0.00         1
           1       1.00      0.48      0.65       698

    accuracy                           0.48       699
   macro avg       0.50      0.24      0.33       699
weighted avg       1.00      0.48      0.65       699

Processing OB/PRJEB28687
PRJEB28687 K_
样本预测概率已保存到: /home/cjj/projects/microbial-embeddings/analysis/Disease_classification_loo/Data/disease_data/OB/PRJEB28687/RF/RF_Scores.csv
The AUC ROC: 0.6387, The Average Precision: 0.2827, The F1 value: 0.5955, The mcc value: 0.1916, The aupr value: 0.2749, The acc value: 0.7564
The conflusion Matrix is:
 [[353  66]
 [ 58  32]]
              precision    recall  f1-score   support

           0       0.84      0.86      0.85       411
           1       0.36      0.33      0.34        98

    accuracy                           0.76       509
   macro avg       0.60      0.59      0.60       509
weighted avg       0.75      0.76      0.75       509

Processing disease: PD
Processing PD/PRJNA510730
PRJNA510730 K_
样本预测概率已保存到: /home/cjj/projects/microbial-embeddings/analysis/Disease_classification_loo/Data/disease_data/PD/PRJNA510730/RF/RF_Scores.csv
The AUC ROC: 0.6890, The Average Precision: 0.7592, The F1 value: 0.3935, The mcc value: 0.0634, The aupr value: 0.7606, The acc value: 0.5920
The conflusion Matrix is:
 [[  2  81]
 [  1 117]]
              precision    recall  f1-score   support

           0       0.02      0.67      0.05         3
           1       0.99      0.59      0.74       198

    accuracy                           0.59       201
   macro avg       0.51      0.63      0.39       201
weighted avg       0.98      0.59      0.73       201

Processing PD/PRJEB14674
PRJEB14674 K_
样本预测概率已保存到: /home/cjj/projects/microbial-embeddings/analysis/Disease_classification_loo/Data/disease_data/PD/PRJEB14674/RF/RF_Scores.csv
The AUC ROC: 0.7057, The Average Precision: 0.7975, The F1 value: 0.5376, The mcc value: 0.2227, The aupr value: 0.7986, The acc value: 0.6483
The conflusion Matrix is:
 [[ 26 104]
 [ 11 186]]
              precision    recall  f1-score   support

           0       0.20      0.70      0.31        37
           1       0.94      0.64      0.76       290

    accuracy                           0.65       327
   macro avg       0.57      0.67      0.54       327
weighted avg       0.86      0.65      0.71       327

Processing PD/PRJNA742875
PRJNA742875 K_
样本预测概率已保存到: /home/cjj/projects/microbial-embeddings/analysis/Disease_classification_loo/Data/disease_data/PD/PRJNA742875/RF/RF_Scores.csv
The AUC ROC: 0.6715, The Average Precision: 0.7115, The F1 value: 0.4651, The mcc value: 0.1365, The aupr value: 0.7093, The acc value: 0.5497
The conflusion Matrix is:
 [[13 71]
 [ 6 81]]
              precision    recall  f1-score   support

           0       0.15      0.68      0.25        19
           1       0.93      0.53      0.68       152

    accuracy                           0.55       171
   macro avg       0.54      0.61      0.47       171
weighted avg       0.84      0.55      0.63       171

Processing PD/PRJEB27564
PRJEB27564 K_
样本预测概率已保存到: /home/cjj/projects/microbial-embeddings/analysis/Disease_classification_loo/Data/disease_data/PD/PRJEB27564/RF/RF_Scores.csv
The AUC ROC: 0.7056, The Average Precision: 0.6928, The F1 value: 0.5815, The mcc value: 0.2589, The aupr value: 0.6929, The acc value: 0.6126
The conflusion Matrix is:
 [[ 43  82]
 [ 16 112]]
              precision    recall  f1-score   support

           0       0.34      0.73      0.47        59
           1       0.88      0.58      0.70       194

    accuracy                           0.61       253
   macro avg       0.61      0.65      0.58       253
weighted avg       0.75      0.61      0.64       253

Processing PD/PRJEB30615
PRJEB30615 K_
样本预测概率已保存到: /home/cjj/projects/microbial-embeddings/analysis/Disease_classification_loo/Data/disease_data/PD/PRJEB30615/RF/RF_Scores.csv
The AUC ROC: 0.7490, The Average Precision: 0.8491, The F1 value: 0.4779, The mcc value: 0.1747, The aupr value: 0.8505, The acc value: 0.6353
The conflusion Matrix is:
 [[ 11  89]
 [  4 151]]
              precision    recall  f1-score   support

           0       0.11      0.73      0.19        15
           1       0.97      0.63      0.76       240

    accuracy                           0.64       255
   macro avg       0.54      0.68      0.48       255
weighted avg       0.92      0.64      0.73       255

Processing PD/PRJNA594156
PRJNA594156 K_
样本预测概率已保存到: /home/cjj/projects/microbial-embeddings/analysis/Disease_classification_loo/Data/disease_data/PD/PRJNA594156/RF/RF_Scores.csv
The AUC ROC: 0.7343, The Average Precision: 0.8377, The F1 value: 0.6210, The mcc value: 0.2894, The aupr value: 0.8371, The acc value: 0.7118
The conflusion Matrix is:
 [[ 32  64]
 [ 19 173]]
              precision    recall  f1-score   support

           0       0.33      0.63      0.44        51
           1       0.90      0.73      0.81       237

    accuracy                           0.71       288
   macro avg       0.62      0.68      0.62       288
weighted avg       0.80      0.71      0.74       288

Processing disease: SZ
Processing SZ/PRJNA896324
PRJNA896324 K_
样本预测概率已保存到: /home/cjj/projects/microbial-embeddings/analysis/Disease_classification_loo/Data/disease_data/SZ/PRJNA896324/RF/RF_Scores.csv
The AUC ROC: 0.6681, The Average Precision: 0.7554, The F1 value: 0.6591, The mcc value: 0.4021, The aupr value: 0.7496, The acc value: 0.7333
The conflusion Matrix is:
 [[ 8 14]
 [ 2 36]]
              precision    recall  f1-score   support

           0       0.36      0.80      0.50        10
           1       0.95      0.72      0.82        50

    accuracy                           0.73        60
   macro avg       0.66      0.76      0.66        60
weighted avg       0.85      0.73      0.77        60

Processing SZ/PRJNA807473
PRJNA807473 K_
样本预测概率已保存到: /home/cjj/projects/microbial-embeddings/analysis/Disease_classification_loo/Data/disease_data/SZ/PRJNA807473/RF/RF_Scores.csv
The AUC ROC: 0.6641, The Average Precision: 0.6992, The F1 value: 0.5839, The mcc value: 0.2643, The aupr value: 0.6983, The acc value: 0.6398
The conflusion Matrix is:
 [[22 49]
 [ 9 81]]
              precision    recall  f1-score   support

           0       0.31      0.71      0.43        31
           1       0.90      0.62      0.74       130

    accuracy                           0.64       161
   macro avg       0.60      0.67      0.58       161
weighted avg       0.79      0.64      0.68       161

Processing SZ/PRJCA000673
PRJCA000673 K_
样本预测概率已保存到: /home/cjj/projects/microbial-embeddings/analysis/Disease_classification_loo/Data/disease_data/SZ/PRJCA000673/RF/RF_Scores.csv
The AUC ROC: 0.8096, The Average Precision: 0.8027, The F1 value: 0.6808, The mcc value: 0.4320, The aupr value: 0.7976, The acc value: 0.7094
The conflusion Matrix is:
 [[24 29]
 [ 5 59]]
              precision    recall  f1-score   support

           0       0.45      0.83      0.59        29
           1       0.92      0.67      0.78        88

    accuracy                           0.71       117
   macro avg       0.69      0.75      0.68       117
weighted avg       0.81      0.71      0.73       117

Processing SZ/PRJNA880407
PRJNA880407 K_
样本预测概率已保存到: /home/cjj/projects/microbial-embeddings/analysis/Disease_classification_loo/Data/disease_data/SZ/PRJNA880407/RF/RF_Scores.csv
The AUC ROC: 0.8306, The Average Precision: 0.8580, The F1 value: 0.7050, The mcc value: 0.4350, The aupr value: 0.8572, The acc value: 0.7100
The conflusion Matrix is:
 [[29 21]
 [ 8 42]]
              precision    recall  f1-score   support

           0       0.58      0.78      0.67        37
           1       0.84      0.67      0.74        63

    accuracy                           0.71       100
   macro avg       0.71      0.73      0.71       100
weighted avg       0.74      0.71      0.71       100

Processing disease: T2DM
Processing T2DM/PRJNA807457
PRJNA807457 K_
样本预测概率已保存到: /home/cjj/projects/microbial-embeddings/analysis/Disease_classification_loo/Data/disease_data/T2DM/PRJNA807457/RF/RF_Scores.csv
The AUC ROC: 0.4800, The Average Precision: 0.4835, The F1 value: 0.4643, The mcc value: 0.1667, The aupr value: 0.4602, The acc value: 0.5500
The conflusion Matrix is:
 [[ 3 17]
 [ 1 19]]
              precision    recall  f1-score   support

           0       0.15      0.75      0.25         4
           1       0.95      0.53      0.68        36

    accuracy                           0.55        40
   macro avg       0.55      0.64      0.46        40
weighted avg       0.87      0.55      0.64        40

Processing T2DM/PRJNA766337
PRJNA766337 K_
样本预测概率已保存到: /home/cjj/projects/microbial-embeddings/analysis/Disease_classification_loo/Data/disease_data/T2DM/PRJNA766337/RF/RF_Scores.csv
The AUC ROC: 0.5525, The Average Precision: 0.7854, The F1 value: 0.4346, The mcc value: -0.0245, The aupr value: 0.7834, The acc value: 0.7686
The conflusion Matrix is:
 [[  0 114]
 [  1 382]]
              precision    recall  f1-score   support

           0       0.00      0.00      0.00         1
           1       1.00      0.77      0.87       496

    accuracy                           0.77       497
   macro avg       0.50      0.39      0.43       497
weighted avg       1.00      0.77      0.87       497

Processing T2DM/PRJEB59916
PRJEB59916 K_
样本预测概率已保存到: /home/cjj/projects/microbial-embeddings/analysis/Disease_classification_loo/Data/disease_data/T2DM/PRJEB59916/RF/RF_Scores.csv
The AUC ROC: 0.6050, The Average Precision: 0.6734, The F1 value: 0.4643, The mcc value: 0.1667, The aupr value: 0.6650, The acc value: 0.5500
The conflusion Matrix is:
 [[ 3 17]
 [ 1 19]]
              precision    recall  f1-score   support

           0       0.15      0.75      0.25         4
           1       0.95      0.53      0.68        36

    accuracy                           0.55        40
   macro avg       0.55      0.64      0.46        40
weighted avg       0.87      0.55      0.64        40

Processing T2DM/PRJNA1000711
PRJNA1000711 K_
样本预测概率已保存到: /home/cjj/projects/microbial-embeddings/analysis/Disease_classification_loo/Data/disease_data/T2DM/PRJNA1000711/RF/RF_Scores.csv
The AUC ROC: 0.6737, The Average Precision: 0.8807, The F1 value: 0.4322, The mcc value: -0.0661, The aupr value: 0.8792, The acc value: 0.7612
The conflusion Matrix is:
 [[ 0 15]
 [ 1 51]]
              precision    recall  f1-score   support

           0       0.00      0.00      0.00         1
           1       0.98      0.77      0.86        66

    accuracy                           0.76        67
   macro avg       0.49      0.39      0.43        67
weighted avg       0.97      0.76      0.85        67

Processing T2DM/PRJNA879337
PRJNA879337 K_
样本预测概率已保存到: /home/cjj/projects/microbial-embeddings/analysis/Disease_classification_loo/Data/disease_data/T2DM/PRJNA879337/RF/RF_Scores.csv
The AUC ROC: 1.0000, The Average Precision: 1.0000, The F1 value: 0.9481, The mcc value: 0.9014, The aupr value: 1.0000, The acc value: 0.9524
The conflusion Matrix is:
 [[ 7  0]
 [ 1 13]]
              precision    recall  f1-score   support

           0       1.00      0.88      0.93         8
           1       0.93      1.00      0.96        13

    accuracy                           0.95        21
   macro avg       0.96      0.94      0.95        21
weighted avg       0.96      0.95      0.95        21

Processing T2DM/PRJNA668251
PRJNA668251 K_
样本预测概率已保存到: /home/cjj/projects/microbial-embeddings/analysis/Disease_classification_loo/Data/disease_data/T2DM/PRJNA668251/RF/RF_Scores.csv
The AUC ROC: 0.8776, The Average Precision: 0.9341, The F1 value: 0.8542, The mcc value: 0.7454, The aupr value: 0.9313, The acc value: 0.8571
The conflusion Matrix is:
 [[7 0]
 [2 5]]
              precision    recall  f1-score   support

           0       1.00      0.78      0.88         9
           1       0.71      1.00      0.83         5

    accuracy                           0.86        14
   macro avg       0.86      0.89      0.85        14
weighted avg       0.90      0.86      0.86        14

Processing T2DM/PRJNA788301
PRJNA788301 K_
样本预测概率已保存到: /home/cjj/projects/microbial-embeddings/analysis/Disease_classification_loo/Data/disease_data/T2DM/PRJNA788301/RF/RF_Scores.csv
The AUC ROC: 0.5608, The Average Precision: 0.6503, The F1 value: 0.3200, The mcc value: -0.1442, The aupr value: 0.6432, The acc value: 0.4706
The conflusion Matrix is:
 [[ 0 26]
 [ 1 24]]
              precision    recall  f1-score   support

           0       0.00      0.00      0.00         1
           1       0.96      0.48      0.64        50

    accuracy                           0.47        51
   macro avg       0.48      0.24      0.32        51
weighted avg       0.94      0.47      0.63        51

Processing T2DM/PRJNA734860
PRJNA734860 K_
样本预测概率已保存到: /home/cjj/projects/microbial-embeddings/analysis/Disease_classification_loo/Data/disease_data/T2DM/PRJNA734860/RF/RF_Scores.csv
The AUC ROC: 0.6361, The Average Precision: 0.4913, The F1 value: 0.5594, The mcc value: 0.2028, The aupr value: 0.4876, The acc value: 0.5602
The conflusion Matrix is:
 [[65 76]
 [19 56]]
              precision    recall  f1-score   support

           0       0.46      0.77      0.58        84
           1       0.75      0.42      0.54       132

    accuracy                           0.56       216
   macro avg       0.60      0.60      0.56       216
weighted avg       0.64      0.56      0.56       216

Processing T2DM/PRJEB11419
PRJEB11419 K_
样本预测概率已保存到: /home/cjj/projects/microbial-embeddings/analysis/Disease_classification_loo/Data/disease_data/T2DM/PRJEB11419/RF/RF_Scores.csv
The AUC ROC: 0.6753, The Average Precision: 0.5432, The F1 value: 0.5407, The mcc value: 0.2946, The aupr value: 0.5243, The acc value: 0.5595
The conflusion Matrix is:
 [[15 35]
 [ 2 32]]
              precision    recall  f1-score   support

           0       0.30      0.88      0.45        17
           1       0.94      0.48      0.63        67

    accuracy                           0.56        84
   macro avg       0.62      0.68      0.54        84
weighted avg       0.81      0.56      0.60        84

Processing T2DM/PRJNA978958
PRJNA978958 K_
样本预测概率已保存到: /home/cjj/projects/microbial-embeddings/analysis/Disease_classification_loo/Data/disease_data/T2DM/PRJNA978958/RF/RF_Scores.csv
The AUC ROC: 0.5737, The Average Precision: 0.7718, The F1 value: 0.4746, The mcc value: 0.0889, The aupr value: 0.7667, The acc value: 0.6552
The conflusion Matrix is:
 [[ 1  9]
 [ 1 18]]
              precision    recall  f1-score   support

           0       0.10      0.50      0.17         2
           1       0.95      0.67      0.78        27

    accuracy                           0.66        29
   macro avg       0.52      0.58      0.47        29
weighted avg       0.89      0.66      0.74        29

Processing T2DM/PRJNA646010
PRJNA646010 K_
样本预测概率已保存到: /home/cjj/projects/microbial-embeddings/analysis/Disease_classification_loo/Data/disease_data/T2DM/PRJNA646010/RF/RF_Scores.csv
The AUC ROC: 0.3039, The Average Precision: 0.5033, The F1 value: 0.3594, The mcc value: -0.1331, The aupr value: 0.4967, The acc value: 0.5610
The conflusion Matrix is:
 [[ 0 17]
 [ 1 23]]
              precision    recall  f1-score   support

           0       0.00      0.00      0.00         1
           1       0.96      0.57      0.72        40

    accuracy                           0.56        41
   macro avg       0.48      0.29      0.36        41
weighted avg       0.93      0.56      0.70        41

Processing T2DM/PRJNA819279
PRJNA819279 K_
样本预测概率已保存到: /home/cjj/projects/microbial-embeddings/analysis/Disease_classification_loo/Data/disease_data/T2DM/PRJNA819279/RF/RF_Scores.csv
The AUC ROC: 0.4750, The Average Precision: 0.4928, The F1 value: 0.3167, The mcc value: -0.1620, The aupr value: 0.4623, The acc value: 0.4634
The conflusion Matrix is:
 [[ 0 21]
 [ 1 19]]
              precision    recall  f1-score   support

           0       0.00      0.00      0.00         1
           1       0.95      0.47      0.63        40

    accuracy                           0.46        41
   macro avg       0.47      0.24      0.32        41
weighted avg       0.93      0.46      0.62        41

Processing T2DM/PRJNA588353
PRJNA588353 K_
样本预测概率已保存到: /home/cjj/projects/microbial-embeddings/analysis/Disease_classification_loo/Data/disease_data/T2DM/PRJNA588353/RF/RF_Scores.csv
The AUC ROC: 0.5903, The Average Precision: 0.5692, The F1 value: 0.4074, The mcc value: 0.0861, The aupr value: 0.5440, The acc value: 0.5208
The conflusion Matrix is:
 [[ 2 22]
 [ 1 23]]
              precision    recall  f1-score   support

           0       0.08      0.67      0.15         3
           1       0.96      0.51      0.67        45

    accuracy                           0.52        48
   macro avg       0.52      0.59      0.41        48
weighted avg       0.90      0.52      0.63        48

