PRJCA007396 K_
SRP332779 K_
PRJNA932561 K_
PRJNA578223 K_
PRJNA1103839 K_
PRJNA1068750 K_
PRJEB11419 K_
PRJEB23500 K_
PRJDB6472 K_
PRJDB7456 K_
PRJNA318004 K_
PRJDB11845 K_
PRJNA290926 K_
PRJNA824020 K_
PRJEB6070 K_
PRJNA430990 K_
PRJEB36789 K_
PRJNA850658 K_
PRJNA695309 K_
qiita_2538 K_
PRJNA324147 K_
qiita_1629 K_
PRJNA450340 K_
RISK_PRISM_f K_
PRJNA368966 K_
PRJNA422193 K_
PRJNA431126 K_
PRJNA268708 K_
PRJEB11419 K_
PRJEB22970 K_
PRJEB32763 K_
PRJEB22977 K_
PRJEB11419 K_
PRJEB28687 K_
PRJNA510730 K_
PRJEB14674 K_
PRJNA742875 K_
PRJEB27564 K_
PRJEB30615 K_
PRJNA594156 K_
PRJNA896324 K_
PRJNA807473 K_
PRJCA000673 K_
PRJNA880407 K_
PRJNA807457 K_
PRJNA766337 K_
PRJEB59916 K_
PRJNA1000711 K_
PRJNA879337 K_
PRJNA668251 K_
PRJNA788301 K_
PRJNA734860 K_
PRJEB11419 K_
PRJNA978958 K_
PRJNA646010 K_
PRJNA819279 K_
PRJNA588353 K_
